Sending "what is the capital of tennessee" to model "dolphin-mixtral:8x7b" at URL "http://100.92.199.66:11434"
