>> initializing ghost diagnostics...

SYSTEM CONFIG
  ◆ host: http://localhost:11434
  ◆ model: test:model
  ◆ config: 
  ◆ system prompt: 

NEURAL LINK STATUS
  ✗ ollama api CONNECTION FAILED: failed to get API response
  ✗ model test:model not loaded: failed to get API response

>> ghost offline :: 2 critical errors detected