checking ghost health...
config file loaded
Ollama version 
