>> initializing ghost diagnostics...

SYSTEM CONFIG
  ◆ host: http://localhost:11434
  ◆ model: test:model
  ◆ config: 
  ◆ system prompt: 

NEURAL LINK STATUS
  ◆ ollama api CONNECTED [v]
  ◆ model test:model active

>> ghost online :: all systems nominal
