>> initializing ghost diagnostics...

SYSTEM CONFIG
  ◆ host: 
  ◆ model: test:model
  ◆ config: 

NEURAL LINK STATUS
  ◆ ollama api CONNECTED [v]
  ◆ model test:model active

>> ghost online :: all systems nominal
