>> initializing ghost diagnostics...

SYSTEM CONFIG
  ◆ host: http://remote:11434
  ◆ model: llama3.1:70b
  ◆ config: /custom/path/config.toml
  ◆ system prompt: Custom system prompt

NEURAL LINK STATUS
  ◆ ollama api CONNECTED [v]
  ◆ model llama3.1:70b active

>> ghost online :: all systems nominal
